================================================================================
SARAPHIS DEAD CODE ANALYSIS REPORT
================================================================================
Generated: 2025-08-02 06:05:40
Analysis Duration: 1754129140.54 seconds

SUMMARY
----------------------------------------
Total Files Analyzed: 436
Total Lines Analyzed: 389,091
Total Dead Code Items: 641
Dead Code Percentage: 0.16%
Files with Dead Code: 167

DEAD CODE BY TYPE
----------------------------------------
Fallback: 3
Pass: 494
Function: 44
Class: 39
Todo: 61

MOST AFFECTED FILES
----------------------------------------
independent_core/accuracy_tracking_diagnostics.py: 20 items
financial_fraud_domain/enhanced_fraud_core_main.py: 18 items
independent_core/training_manager.py: 16 items
financial_fraud_domain/enhanced_proof_verifier.py: 15 items
financial_fraud_domain/enhanced_fraud_core_exceptions.py: 15 items
financial_fraud_domain/enhanced_symbolic_reasoner.py: 13 items
universal_ai_core/tests/test_memory.py: 13 items
financial_fraud_domain/domain_registration.py: 12 items
financial_fraud_domain/enhanced_ml_predictor.py: 12 items
financial_fraud_domain/enhanced_data_preprocessor.py: 12 items

DETAILED FINDINGS
----------------------------------------

accuracy_audit_verification.py:
  Line 101: function - add_health_check
    Description: Empty function: add_health_check
    Severity: medium
    Suggested Action: Implement function or remove if not needed


dead_code_detector.py:
  Line 287: fallback - DISABLE_FALLBACKS
    Description: Disabled fallback system
    Severity: high
    Suggested Action: Remove disabled fallback code

  Line 338: pass - empty_pass
    Description: Empty pass statement
    Severity: low
    Suggested Action: Remove or implement functionality


financial_fraud_domain/accuracy_dataset_manager.py:
  Line 49: pass - empty_pass
    Description: Empty pass statement
    Severity: low
    Suggested Action: Remove or implement functionality

  Line 53: pass - empty_pass
    Description: Empty pass statement
    Severity: low
    Suggested Action: Remove or implement functionality

  Line 57: pass - empty_pass
    Description: Empty pass statement
    Severity: low
    Suggested Action: Remove or implement functionality

  Line 61: pass - empty_pass
    Description: Empty pass statement
    Severity: low
    Suggested Action: Remove or implement functionality

  Line 65: pass - empty_pass
    Description: Empty pass statement
    Severity: low
    Suggested Action: Remove or implement functionality

  Line 69: pass - empty_pass
    Description: Empty pass statement
    Severity: low
    Suggested Action: Remove or implement functionality

  Line 73: pass - empty_pass
    Description: Empty pass statement
    Severity: low
    Suggested Action: Remove or implement functionality


financial_fraud_domain/accuracy_tracking_api.py:
  Line 1845: pass - empty_pass
    Description: Empty pass statement
    Severity: low
    Suggested Action: Remove or implement functionality

  Line 1850: pass - empty_pass
    Description: Empty pass statement
    Severity: low
    Suggested Action: Remove or implement functionality

  Line 1855: pass - empty_pass
    Description: Empty pass statement
    Severity: low
    Suggested Action: Remove or implement functionality

  Line 1860: pass - empty_pass
    Description: Empty pass statement
    Severity: low
    Suggested Action: Remove or implement functionality

  Line 1865: pass - empty_pass
    Description: Empty pass statement
    Severity: low
    Suggested Action: Remove or implement functionality

  Line 1870: pass - empty_pass
    Description: Empty pass statement
    Severity: low
    Suggested Action: Remove or implement functionality


financial_fraud_domain/accuracy_tracking_config_loader.py:
  Line 75: pass - empty_pass
    Description: Empty pass statement
    Severity: low
    Suggested Action: Remove or implement functionality

  Line 79: pass - empty_pass
    Description: Empty pass statement
    Severity: low
    Suggested Action: Remove or implement functionality

  Line 83: pass - empty_pass
    Description: Empty pass statement
    Severity: low
    Suggested Action: Remove or implement functionality

  Line 87: pass - empty_pass
    Description: Empty pass statement
    Severity: low
    Suggested Action: Remove or implement functionality

  Line 186: pass - empty_pass
    Description: Empty pass statement
    Severity: low
    Suggested Action: Remove or implement functionality

  Line 191: pass - empty_pass
    Description: Empty pass statement
    Severity: low
    Suggested Action: Remove or implement functionality

  Line 196: pass - empty_pass
    Description: Empty pass statement
    Severity: low
    Suggested Action: Remove or implement functionality

  Line 201: pass - empty_pass
    Description: Empty pass statement
    Severity: low
    Suggested Action: Remove or implement functionality

  Line 361: pass - empty_pass
    Description: Empty pass statement
    Severity: low
    Suggested Action: Remove or implement functionality

  Line 376: pass - empty_pass
    Description: Empty pass statement
    Severity: low
    Suggested Action: Remove or implement functionality


financial_fraud_domain/accuracy_tracking_diagnostics.py:
  Line 80: pass - empty_pass
    Description: Empty pass statement
    Severity: low
    Suggested Action: Remove or implement functionality

  Line 84: pass - empty_pass
    Description: Empty pass statement
    Severity: low
    Suggested Action: Remove or implement functionality

  Line 88: pass - empty_pass
    Description: Empty pass statement
    Severity: low
    Suggested Action: Remove or implement functionality


financial_fraud_domain/accuracy_tracking_orchestrator.py:
  Line 122: pass - empty_pass
    Description: Empty pass statement
    Severity: low
    Suggested Action: Remove or implement functionality

  Line 126: pass - empty_pass
    Description: Empty pass statement
    Severity: low
    Suggested Action: Remove or implement functionality

  Line 130: pass - empty_pass
    Description: Empty pass statement
    Severity: low
    Suggested Action: Remove or implement functionality

  Line 134: pass - empty_pass
    Description: Empty pass statement
    Severity: low
    Suggested Action: Remove or implement functionality

  Line 4414: pass - empty_pass
    Description: Empty pass statement
    Severity: low
    Suggested Action: Remove or implement functionality


financial_fraud_domain/advanced_accuracy_monitoring.py:
  Line 85: pass - empty_pass
    Description: Empty pass statement
    Severity: low
    Suggested Action: Remove or implement functionality

  Line 89: pass - empty_pass
    Description: Empty pass statement
    Severity: low
    Suggested Action: Remove or implement functionality

  Line 93: pass - empty_pass
    Description: Empty pass statement
    Severity: low
    Suggested Action: Remove or implement functionality


financial_fraud_domain/advanced_analytics_engine.py:
  Line 874: pass - empty_pass
    Description: Empty pass statement
    Severity: low
    Suggested Action: Remove or implement functionality


financial_fraud_domain/api/api_interface.py:
  Line 953: pass - empty_pass
    Description: Empty pass statement
    Severity: low
    Suggested Action: Remove or implement functionality


financial_fraud_domain/brain_fraud_connector.py:
  Line 927: pass - empty_pass
    Description: Empty pass statement
    Severity: low
    Suggested Action: Remove or implement functionality


financial_fraud_domain/brain_fraud_support.py:
  Line 218: pass - empty_pass
    Description: Empty pass statement
    Severity: low
    Suggested Action: Remove or implement functionality


financial_fraud_domain/brain_integration.py:
  Line 172: pass - empty_pass
    Description: Empty pass statement
    Severity: low
    Suggested Action: Remove or implement functionality

  Line 177: pass - empty_pass
    Description: Empty pass statement
    Severity: low
    Suggested Action: Remove or implement functionality

  Line 182: pass - empty_pass
    Description: Empty pass statement
    Severity: low
    Suggested Action: Remove or implement functionality

  Line 187: pass - empty_pass
    Description: Empty pass statement
    Severity: low
    Suggested Action: Remove or implement functionality

  Line 345: pass - empty_pass
    Description: Empty pass statement
    Severity: low
    Suggested Action: Remove or implement functionality

  Line 1377: pass - empty_pass
    Description: Empty pass statement
    Severity: low
    Suggested Action: Remove or implement functionality


financial_fraud_domain/compliance_reporter.py:
  Line 30: pass - empty_pass
    Description: Empty pass statement
    Severity: low
    Suggested Action: Remove or implement functionality


financial_fraud_domain/config_manager.py:
  Line 687: pass - empty_pass
    Description: Empty pass statement
    Severity: low
    Suggested Action: Remove or implement functionality

  Line 697: pass - empty_pass
    Description: Empty pass statement
    Severity: low
    Suggested Action: Remove or implement functionality

  Line 703: pass - empty_pass
    Description: Empty pass statement
    Severity: low
    Suggested Action: Remove or implement functionality


financial_fraud_domain/data/data_loader.py:
  Line 141: pass - empty_pass
    Description: Empty pass statement
    Severity: low
    Suggested Action: Remove or implement functionality


financial_fraud_domain/data/enhanced_data_loader.py:
  Line 62: pass - empty_pass
    Description: Empty pass statement
    Severity: low
    Suggested Action: Remove or implement functionality

  Line 66: pass - empty_pass
    Description: Empty pass statement
    Severity: low
    Suggested Action: Remove or implement functionality

  Line 70: pass - empty_pass
    Description: Empty pass statement
    Severity: low
    Suggested Action: Remove or implement functionality

  Line 74: pass - empty_pass
    Description: Empty pass statement
    Severity: low
    Suggested Action: Remove or implement functionality

  Line 78: pass - empty_pass
    Description: Empty pass statement
    Severity: low
    Suggested Action: Remove or implement functionality

  Line 82: pass - empty_pass
    Description: Empty pass statement
    Severity: low
    Suggested Action: Remove or implement functionality

  Line 86: pass - empty_pass
    Description: Empty pass statement
    Severity: low
    Suggested Action: Remove or implement functionality

  Line 90: pass - empty_pass
    Description: Empty pass statement
    Severity: low
    Suggested Action: Remove or implement functionality

  Line 94: pass - empty_pass
    Description: Empty pass statement
    Severity: low
    Suggested Action: Remove or implement functionality

  Line 98: pass - empty_pass
    Description: Empty pass statement
    Severity: low
    Suggested Action: Remove or implement functionality

  Line 279: pass - empty_pass
    Description: Empty pass statement
    Severity: low
    Suggested Action: Remove or implement functionality


financial_fraud_domain/data_loading_integration.py:
  Line 124: pass - empty_pass
    Description: Empty pass statement
    Severity: low
    Suggested Action: Remove or implement functionality

  Line 132: pass - empty_pass
    Description: Empty pass statement
    Severity: low
    Suggested Action: Remove or implement functionality


financial_fraud_domain/data_preprocessor.py:
  Line 139: pass - empty_pass
    Description: Empty pass statement
    Severity: low
    Suggested Action: Remove or implement functionality

  Line 144: pass - empty_pass
    Description: Empty pass statement
    Severity: low
    Suggested Action: Remove or implement functionality


financial_fraud_domain/data_validator.py:
  Line 140: pass - empty_pass
    Description: Empty pass statement
    Severity: low
    Suggested Action: Remove or implement functionality


financial_fraud_domain/deployment_config.py:
  Line 274: pass - empty_pass
    Description: Empty pass statement
    Severity: low
    Suggested Action: Remove or implement functionality

  Line 279: pass - empty_pass
    Description: Empty pass statement
    Severity: low
    Suggested Action: Remove or implement functionality


financial_fraud_domain/deployment_orchestrator.py:
  Line 52: pass - empty_pass
    Description: Empty pass statement
    Severity: low
    Suggested Action: Remove or implement functionality

  Line 56: pass - empty_pass
    Description: Empty pass statement
    Severity: low
    Suggested Action: Remove or implement functionality

  Line 60: pass - empty_pass
    Description: Empty pass statement
    Severity: low
    Suggested Action: Remove or implement functionality

  Line 64: pass - empty_pass
    Description: Empty pass statement
    Severity: low
    Suggested Action: Remove or implement functionality


financial_fraud_domain/domain_connector.py:
  Line 23: todo - TODO_implement
    Description: TODO implementation needed
    Severity: medium
    Suggested Action: Implement functionality or remove TODO

  Line 29: todo - TODO_implement
    Description: TODO implementation needed
    Severity: medium
    Suggested Action: Implement functionality or remove TODO

  Line 34: todo - TODO_implement
    Description: TODO implementation needed
    Severity: medium
    Suggested Action: Implement functionality or remove TODO


financial_fraud_domain/domain_registration.py:
  Line 588: pass - empty_pass
    Description: Empty pass statement
    Severity: low
    Suggested Action: Remove or implement functionality

  Line 592: pass - empty_pass
    Description: Empty pass statement
    Severity: low
    Suggested Action: Remove or implement functionality

  Line 1481: pass - empty_pass
    Description: Empty pass statement
    Severity: low
    Suggested Action: Remove or implement functionality

  Line 1557: pass - empty_pass
    Description: Empty pass statement
    Severity: low
    Suggested Action: Remove or implement functionality

  Line 1581: pass - empty_pass
    Description: Empty pass statement
    Severity: low
    Suggested Action: Remove or implement functionality

  Line 1611: pass - empty_pass
    Description: Empty pass statement
    Severity: low
    Suggested Action: Remove or implement functionality

  Line 1616: pass - empty_pass
    Description: Empty pass statement
    Severity: low
    Suggested Action: Remove or implement functionality

  Line 1621: pass - empty_pass
    Description: Empty pass statement
    Severity: low
    Suggested Action: Remove or implement functionality

  Line 1626: pass - empty_pass
    Description: Empty pass statement
    Severity: low
    Suggested Action: Remove or implement functionality

  Line 1823: pass - empty_pass
    Description: Empty pass statement
    Severity: low
    Suggested Action: Remove or implement functionality

  Line 1828: pass - empty_pass
    Description: Empty pass statement
    Severity: low
    Suggested Action: Remove or implement functionality

  Line 1976: pass - empty_pass
    Description: Empty pass statement
    Severity: low
    Suggested Action: Remove or implement functionality


financial_fraud_domain/domain_state.py:
  Line 36: class - DomainState
    Description: Empty class: DomainState
    Severity: low
    Suggested Action: Add implementation or remove if not needed

  Line 37: pass - empty_pass
    Description: Empty pass statement
    Severity: low
    Suggested Action: Remove or implement functionality

  Line 39: class - StateManager
    Description: Empty class: StateManager
    Severity: low
    Suggested Action: Add implementation or remove if not needed

  Line 40: pass - empty_pass
    Description: Empty pass statement
    Severity: low
    Suggested Action: Remove or implement functionality

  Line 2805: pass - empty_pass
    Description: Empty pass statement
    Severity: low
    Suggested Action: Remove or implement functionality


financial_fraud_domain/enhanced_config_manager.py:
  Line 38: pass - empty_pass
    Description: Empty pass statement
    Severity: low
    Suggested Action: Remove or implement functionality

  Line 43: pass - empty_pass
    Description: Empty pass statement
    Severity: low
    Suggested Action: Remove or implement functionality

  Line 48: pass - empty_pass
    Description: Empty pass statement
    Severity: low
    Suggested Action: Remove or implement functionality

  Line 53: pass - empty_pass
    Description: Empty pass statement
    Severity: low
    Suggested Action: Remove or implement functionality


financial_fraud_domain/enhanced_data_loader.py:
  Line 682: pass - empty_pass
    Description: Empty pass statement
    Severity: low
    Suggested Action: Remove or implement functionality

  Line 687: pass - empty_pass
    Description: Empty pass statement
    Severity: low
    Suggested Action: Remove or implement functionality

  Line 1625: pass - empty_pass
    Description: Empty pass statement
    Severity: low
    Suggested Action: Remove or implement functionality


financial_fraud_domain/enhanced_data_preprocessor.py:
  Line 52: pass - empty_pass
    Description: Empty pass statement
    Severity: low
    Suggested Action: Remove or implement functionality

  Line 56: pass - empty_pass
    Description: Empty pass statement
    Severity: low
    Suggested Action: Remove or implement functionality

  Line 60: pass - empty_pass
    Description: Empty pass statement
    Severity: low
    Suggested Action: Remove or implement functionality

  Line 64: pass - empty_pass
    Description: Empty pass statement
    Severity: low
    Suggested Action: Remove or implement functionality

  Line 68: pass - empty_pass
    Description: Empty pass statement
    Severity: low
    Suggested Action: Remove or implement functionality

  Line 72: pass - empty_pass
    Description: Empty pass statement
    Severity: low
    Suggested Action: Remove or implement functionality

  Line 76: pass - empty_pass
    Description: Empty pass statement
    Severity: low
    Suggested Action: Remove or implement functionality

  Line 80: pass - empty_pass
    Description: Empty pass statement
    Severity: low
    Suggested Action: Remove or implement functionality

  Line 84: pass - empty_pass
    Description: Empty pass statement
    Severity: low
    Suggested Action: Remove or implement functionality

  Line 88: pass - empty_pass
    Description: Empty pass statement
    Severity: low
    Suggested Action: Remove or implement functionality

  Line 464: pass - empty_pass
    Description: Empty pass statement
    Severity: low
    Suggested Action: Remove or implement functionality

  Line 469: pass - empty_pass
    Description: Empty pass statement
    Severity: low
    Suggested Action: Remove or implement functionality


financial_fraud_domain/enhanced_data_validator.py:
  Line 74: pass - empty_pass
    Description: Empty pass statement
    Severity: low
    Suggested Action: Remove or implement functionality

  Line 78: pass - empty_pass
    Description: Empty pass statement
    Severity: low
    Suggested Action: Remove or implement functionality

  Line 82: pass - empty_pass
    Description: Empty pass statement
    Severity: low
    Suggested Action: Remove or implement functionality

  Line 86: pass - empty_pass
    Description: Empty pass statement
    Severity: low
    Suggested Action: Remove or implement functionality

  Line 90: pass - empty_pass
    Description: Empty pass statement
    Severity: low
    Suggested Action: Remove or implement functionality

  Line 94: pass - empty_pass
    Description: Empty pass statement
    Severity: low
    Suggested Action: Remove or implement functionality

  Line 609: pass - empty_pass
    Description: Empty pass statement
    Severity: low
    Suggested Action: Remove or implement functionality

  Line 646: pass - empty_pass
    Description: Empty pass statement
    Severity: low
    Suggested Action: Remove or implement functionality


financial_fraud_domain/enhanced_domain_config.py:
  Line 524: pass - empty_pass
    Description: Empty pass statement
    Severity: low
    Suggested Action: Remove or implement functionality


financial_fraud_domain/enhanced_fraud_core_exceptions.py:
  Line 129: pass - empty_pass
    Description: Empty pass statement
    Severity: low
    Suggested Action: Remove or implement functionality

  Line 135: pass - empty_pass
    Description: Empty pass statement
    Severity: low
    Suggested Action: Remove or implement functionality

  Line 139: pass - empty_pass
    Description: Empty pass statement
    Severity: low
    Suggested Action: Remove or implement functionality

  Line 143: pass - empty_pass
    Description: Empty pass statement
    Severity: low
    Suggested Action: Remove or implement functionality

  Line 147: pass - empty_pass
    Description: Empty pass statement
    Severity: low
    Suggested Action: Remove or implement functionality

  Line 151: pass - empty_pass
    Description: Empty pass statement
    Severity: low
    Suggested Action: Remove or implement functionality

  Line 155: pass - empty_pass
    Description: Empty pass statement
    Severity: low
    Suggested Action: Remove or implement functionality

  Line 159: pass - empty_pass
    Description: Empty pass statement
    Severity: low
    Suggested Action: Remove or implement functionality

  Line 163: pass - empty_pass
    Description: Empty pass statement
    Severity: low
    Suggested Action: Remove or implement functionality

  Line 167: pass - empty_pass
    Description: Empty pass statement
    Severity: low
    Suggested Action: Remove or implement functionality

  Line 201: pass - empty_pass
    Description: Empty pass statement
    Severity: low
    Suggested Action: Remove or implement functionality

  Line 205: pass - empty_pass
    Description: Empty pass statement
    Severity: low
    Suggested Action: Remove or implement functionality

  Line 209: pass - empty_pass
    Description: Empty pass statement
    Severity: low
    Suggested Action: Remove or implement functionality

  Line 213: pass - empty_pass
    Description: Empty pass statement
    Severity: low
    Suggested Action: Remove or implement functionality

  Line 219: pass - empty_pass
    Description: Empty pass statement
    Severity: low
    Suggested Action: Remove or implement functionality


financial_fraud_domain/enhanced_fraud_core_integration.py:
  Line 462: pass - empty_pass
    Description: Empty pass statement
    Severity: low
    Suggested Action: Remove or implement functionality

  Line 486: pass - empty_pass
    Description: Empty pass statement
    Severity: low
    Suggested Action: Remove or implement functionality

  Line 507: pass - empty_pass
    Description: Empty pass statement
    Severity: low
    Suggested Action: Remove or implement functionality

  Line 522: pass - empty_pass
    Description: Empty pass statement
    Severity: low
    Suggested Action: Remove or implement functionality

  Line 537: pass - empty_pass
    Description: Empty pass statement
    Severity: low
    Suggested Action: Remove or implement functionality


financial_fraud_domain/enhanced_fraud_core_main.py:
  Line 74: class - EnhancedFraudException
    Description: Empty class: EnhancedFraudException
    Severity: low
    Suggested Action: Add implementation or remove if not needed

  Line 75: class - DetectionError
    Description: Empty class: DetectionError
    Severity: low
    Suggested Action: Add implementation or remove if not needed

  Line 76: class - ValidationError
    Description: Empty class: ValidationError
    Severity: low
    Suggested Action: Add implementation or remove if not needed

  Line 77: class - SecurityError
    Description: Empty class: SecurityError
    Severity: low
    Suggested Action: Add implementation or remove if not needed

  Line 78: class - PerformanceError
    Description: Empty class: PerformanceError
    Severity: low
    Suggested Action: Add implementation or remove if not needed

  Line 79: class - ResourceError
    Description: Empty class: ResourceError
    Severity: low
    Suggested Action: Add implementation or remove if not needed

  Line 105: function - __init__
    Description: Empty function: __init__
    Severity: medium
    Suggested Action: Implement function or remove if not needed

  Line 108: function - __init__
    Description: Empty function: __init__
    Severity: medium
    Suggested Action: Implement function or remove if not needed

  Line 111: function - __init__
    Description: Empty function: __init__
    Severity: medium
    Suggested Action: Implement function or remove if not needed

  Line 114: function - __init__
    Description: Empty function: __init__
    Severity: medium
    Suggested Action: Implement function or remove if not needed

  Line 124: function - shutdown
    Description: Empty function: shutdown
    Severity: medium
    Suggested Action: Implement function or remove if not needed

  Line 139: function - shutdown
    Description: Empty function: shutdown
    Severity: medium
    Suggested Action: Implement function or remove if not needed

  Line 738: pass - empty_pass
    Description: Empty pass statement
    Severity: low
    Suggested Action: Remove or implement functionality

  Line 1700: pass - empty_pass
    Description: Empty pass statement
    Severity: low
    Suggested Action: Remove or implement functionality

  Line 1856: pass - empty_pass
    Description: Empty pass statement
    Severity: low
    Suggested Action: Remove or implement functionality

  Line 1941: pass - empty_pass
    Description: Empty pass statement
    Severity: low
    Suggested Action: Remove or implement functionality

  Line 1983: pass - empty_pass
    Description: Empty pass statement
    Severity: low
    Suggested Action: Remove or implement functionality

  Line 2026: pass - empty_pass
    Description: Empty pass statement
    Severity: low
    Suggested Action: Remove or implement functionality


financial_fraud_domain/enhanced_fraud_core_validators.py:
  Line 40: class - EnhancedFraudException
    Description: Empty class: EnhancedFraudException
    Severity: low
    Suggested Action: Add implementation or remove if not needed

  Line 41: class - ValidationError
    Description: Empty class: ValidationError
    Severity: low
    Suggested Action: Add implementation or remove if not needed

  Line 42: class - ConfigurationError
    Description: Empty class: ConfigurationError
    Severity: low
    Suggested Action: Add implementation or remove if not needed

  Line 43: class - SecurityError
    Description: Empty class: SecurityError
    Severity: low
    Suggested Action: Add implementation or remove if not needed

  Line 44: class - PerformanceError
    Description: Empty class: PerformanceError
    Severity: low
    Suggested Action: Add implementation or remove if not needed

  Line 45: class - TransactionValidationError
    Description: Empty class: TransactionValidationError
    Severity: low
    Suggested Action: Add implementation or remove if not needed

  Line 46: class - StrategyValidationError
    Description: Empty class: StrategyValidationError
    Severity: low
    Suggested Action: Add implementation or remove if not needed

  Line 47: class - ComponentValidationError
    Description: Empty class: ComponentValidationError
    Severity: low
    Suggested Action: Add implementation or remove if not needed

  Line 48: class - PerformanceValidationError
    Description: Empty class: PerformanceValidationError
    Severity: low
    Suggested Action: Add implementation or remove if not needed

  Line 49: class - SecurityValidationError
    Description: Empty class: SecurityValidationError
    Severity: low
    Suggested Action: Add implementation or remove if not needed

  Line 156: pass - empty_pass
    Description: Empty pass statement
    Severity: low
    Suggested Action: Remove or implement functionality

  Line 161: pass - empty_pass
    Description: Empty pass statement
    Severity: low
    Suggested Action: Remove or implement functionality


financial_fraud_domain/enhanced_ml_framework.py:
  Line 835: pass - empty_pass
    Description: Empty pass statement
    Severity: low
    Suggested Action: Remove or implement functionality

  Line 840: pass - empty_pass
    Description: Empty pass statement
    Severity: low
    Suggested Action: Remove or implement functionality


financial_fraud_domain/enhanced_ml_predictor.py:
  Line 69: pass - empty_pass
    Description: Empty pass statement
    Severity: low
    Suggested Action: Remove or implement functionality

  Line 73: pass - empty_pass
    Description: Empty pass statement
    Severity: low
    Suggested Action: Remove or implement functionality

  Line 77: pass - empty_pass
    Description: Empty pass statement
    Severity: low
    Suggested Action: Remove or implement functionality

  Line 81: pass - empty_pass
    Description: Empty pass statement
    Severity: low
    Suggested Action: Remove or implement functionality

  Line 85: pass - empty_pass
    Description: Empty pass statement
    Severity: low
    Suggested Action: Remove or implement functionality

  Line 89: pass - empty_pass
    Description: Empty pass statement
    Severity: low
    Suggested Action: Remove or implement functionality

  Line 93: pass - empty_pass
    Description: Empty pass statement
    Severity: low
    Suggested Action: Remove or implement functionality

  Line 97: pass - empty_pass
    Description: Empty pass statement
    Severity: low
    Suggested Action: Remove or implement functionality

  Line 101: pass - empty_pass
    Description: Empty pass statement
    Severity: low
    Suggested Action: Remove or implement functionality

  Line 105: pass - empty_pass
    Description: Empty pass statement
    Severity: low
    Suggested Action: Remove or implement functionality

  Line 515: pass - empty_pass
    Description: Empty pass statement
    Severity: low
    Suggested Action: Remove or implement functionality

  Line 520: pass - empty_pass
    Description: Empty pass statement
    Severity: low
    Suggested Action: Remove or implement functionality


financial_fraud_domain/enhanced_preprocessing_framework.py:
  Line 892: pass - empty_pass
    Description: Empty pass statement
    Severity: low
    Suggested Action: Remove or implement functionality


financial_fraud_domain/enhanced_preprocessing_steps.py:
  Line 41: function - __init__
    Description: Empty function: __init__
    Severity: medium
    Suggested Action: Implement function or remove if not needed

  Line 42: pass - empty_pass
    Description: Empty pass statement
    Severity: low
    Suggested Action: Remove or implement functionality

  Line 45: function - __init__
    Description: Empty function: __init__
    Severity: medium
    Suggested Action: Implement function or remove if not needed

  Line 46: pass - empty_pass
    Description: Empty pass statement
    Severity: low
    Suggested Action: Remove or implement functionality

  Line 49: function - __init__
    Description: Empty function: __init__
    Severity: medium
    Suggested Action: Implement function or remove if not needed

  Line 50: pass - empty_pass
    Description: Empty pass statement
    Severity: low
    Suggested Action: Remove or implement functionality

  Line 176: pass - empty_pass
    Description: Empty pass statement
    Severity: low
    Suggested Action: Remove or implement functionality

  Line 181: pass - empty_pass
    Description: Empty pass statement
    Severity: low
    Suggested Action: Remove or implement functionality


financial_fraud_domain/enhanced_proof_monitoring.py:
  Line 1169: pass - empty_pass
    Description: Empty pass statement
    Severity: low
    Suggested Action: Remove or implement functionality


financial_fraud_domain/enhanced_proof_testing.py:
  Line 927: pass - empty_pass
    Description: Empty pass statement
    Severity: low
    Suggested Action: Remove or implement functionality

  Line 1013: pass - empty_pass
    Description: Empty pass statement
    Severity: low
    Suggested Action: Remove or implement functionality

  Line 1035: pass - empty_pass
    Description: Empty pass statement
    Severity: low
    Suggested Action: Remove or implement functionality

  Line 1133: pass - empty_pass
    Description: Empty pass statement
    Severity: low
    Suggested Action: Remove or implement functionality


financial_fraud_domain/enhanced_proof_verifier.py:
  Line 49: pass - empty_pass
    Description: Empty pass statement
    Severity: low
    Suggested Action: Remove or implement functionality

  Line 53: pass - empty_pass
    Description: Empty pass statement
    Severity: low
    Suggested Action: Remove or implement functionality

  Line 57: pass - empty_pass
    Description: Empty pass statement
    Severity: low
    Suggested Action: Remove or implement functionality

  Line 61: pass - empty_pass
    Description: Empty pass statement
    Severity: low
    Suggested Action: Remove or implement functionality

  Line 65: pass - empty_pass
    Description: Empty pass statement
    Severity: low
    Suggested Action: Remove or implement functionality

  Line 69: pass - empty_pass
    Description: Empty pass statement
    Severity: low
    Suggested Action: Remove or implement functionality

  Line 73: pass - empty_pass
    Description: Empty pass statement
    Severity: low
    Suggested Action: Remove or implement functionality

  Line 77: pass - empty_pass
    Description: Empty pass statement
    Severity: low
    Suggested Action: Remove or implement functionality

  Line 81: pass - empty_pass
    Description: Empty pass statement
    Severity: low
    Suggested Action: Remove or implement functionality

  Line 85: pass - empty_pass
    Description: Empty pass statement
    Severity: low
    Suggested Action: Remove or implement functionality

  Line 89: pass - empty_pass
    Description: Empty pass statement
    Severity: low
    Suggested Action: Remove or implement functionality

  Line 93: pass - empty_pass
    Description: Empty pass statement
    Severity: low
    Suggested Action: Remove or implement functionality

  Line 97: pass - empty_pass
    Description: Empty pass statement
    Severity: low
    Suggested Action: Remove or implement functionality

  Line 537: pass - empty_pass
    Description: Empty pass statement
    Severity: low
    Suggested Action: Remove or implement functionality

  Line 542: pass - empty_pass
    Description: Empty pass statement
    Severity: low
    Suggested Action: Remove or implement functionality


financial_fraud_domain/enhanced_symbolic_reasoner.py:
  Line 48: pass - empty_pass
    Description: Empty pass statement
    Severity: low
    Suggested Action: Remove or implement functionality

  Line 52: pass - empty_pass
    Description: Empty pass statement
    Severity: low
    Suggested Action: Remove or implement functionality

  Line 56: pass - empty_pass
    Description: Empty pass statement
    Severity: low
    Suggested Action: Remove or implement functionality

  Line 60: pass - empty_pass
    Description: Empty pass statement
    Severity: low
    Suggested Action: Remove or implement functionality

  Line 64: pass - empty_pass
    Description: Empty pass statement
    Severity: low
    Suggested Action: Remove or implement functionality

  Line 68: pass - empty_pass
    Description: Empty pass statement
    Severity: low
    Suggested Action: Remove or implement functionality

  Line 72: pass - empty_pass
    Description: Empty pass statement
    Severity: low
    Suggested Action: Remove or implement functionality

  Line 76: pass - empty_pass
    Description: Empty pass statement
    Severity: low
    Suggested Action: Remove or implement functionality

  Line 80: pass - empty_pass
    Description: Empty pass statement
    Severity: low
    Suggested Action: Remove or implement functionality

  Line 84: pass - empty_pass
    Description: Empty pass statement
    Severity: low
    Suggested Action: Remove or implement functionality

  Line 88: pass - empty_pass
    Description: Empty pass statement
    Severity: low
    Suggested Action: Remove or implement functionality

  Line 916: pass - empty_pass
    Description: Empty pass statement
    Severity: low
    Suggested Action: Remove or implement functionality

  Line 921: pass - empty_pass
    Description: Empty pass statement
    Severity: low
    Suggested Action: Remove or implement functionality


financial_fraud_domain/error_handler.py:
  Line 23: todo - TODO_implement
    Description: TODO implementation needed
    Severity: medium
    Suggested Action: Implement functionality or remove TODO

  Line 35: todo - TODO_implement
    Description: TODO implementation needed
    Severity: medium
    Suggested Action: Implement functionality or remove TODO

  Line 40: todo - TODO_implement
    Description: TODO implementation needed
    Severity: medium
    Suggested Action: Implement functionality or remove TODO


financial_fraud_domain/feature_config.py:
  Line 23: todo - TODO_implement
    Description: TODO implementation needed
    Severity: medium
    Suggested Action: Implement functionality or remove TODO

  Line 29: todo - TODO_implement
    Description: TODO implementation needed
    Severity: medium
    Suggested Action: Implement functionality or remove TODO

  Line 34: todo - TODO_implement
    Description: TODO implementation needed
    Severity: medium
    Suggested Action: Implement functionality or remove TODO


financial_fraud_domain/fraud_indicator.py:
  Line 28: todo - TODO_implement
    Description: TODO implementation needed
    Severity: medium
    Suggested Action: Implement functionality or remove TODO

  Line 34: todo - TODO_implement
    Description: TODO implementation needed
    Severity: medium
    Suggested Action: Implement functionality or remove TODO


financial_fraud_domain/fraud_result.py:
  Line 28: todo - TODO_implement
    Description: TODO implementation needed
    Severity: medium
    Suggested Action: Implement functionality or remove TODO

  Line 34: todo - TODO_implement
    Description: TODO implementation needed
    Severity: medium
    Suggested Action: Implement functionality or remove TODO


financial_fraud_domain/high_availability_engine.py:
  Line 48: pass - empty_pass
    Description: Empty pass statement
    Severity: low
    Suggested Action: Remove or implement functionality

  Line 52: pass - empty_pass
    Description: Empty pass statement
    Severity: low
    Suggested Action: Remove or implement functionality

  Line 56: pass - empty_pass
    Description: Empty pass statement
    Severity: low
    Suggested Action: Remove or implement functionality

  Line 60: pass - empty_pass
    Description: Empty pass statement
    Severity: low
    Suggested Action: Remove or implement functionality

  Line 64: pass - empty_pass
    Description: Empty pass statement
    Severity: low
    Suggested Action: Remove or implement functionality

  Line 1539: pass - empty_pass
    Description: Empty pass statement
    Severity: low
    Suggested Action: Remove or implement functionality


financial_fraud_domain/integration_example.py:
  Line 166: pass - empty_pass
    Description: Empty pass statement
    Severity: low
    Suggested Action: Remove or implement functionality


financial_fraud_domain/integration_tester.py:
  Line 22: todo - TODO_implement
    Description: TODO implementation needed
    Severity: medium
    Suggested Action: Implement functionality or remove TODO

  Line 31: todo - TODO_implement
    Description: TODO implementation needed
    Severity: medium
    Suggested Action: Implement functionality or remove TODO

  Line 39: todo - TODO_implement
    Description: TODO implementation needed
    Severity: medium
    Suggested Action: Implement functionality or remove TODO

  Line 44: todo - TODO_implement
    Description: TODO implementation needed
    Severity: medium
    Suggested Action: Implement functionality or remove TODO


financial_fraud_domain/logging_manager.py:
  Line 22: todo - TODO_implement
    Description: TODO implementation needed
    Severity: medium
    Suggested Action: Implement functionality or remove TODO

  Line 36: todo - TODO_implement
    Description: TODO implementation needed
    Severity: medium
    Suggested Action: Implement functionality or remove TODO


financial_fraud_domain/ml_integration_manager.py:
  Line 70: pass - empty_pass
    Description: Empty pass statement
    Severity: low
    Suggested Action: Remove or implement functionality

  Line 74: pass - empty_pass
    Description: Empty pass statement
    Severity: low
    Suggested Action: Remove or implement functionality

  Line 78: pass - empty_pass
    Description: Empty pass statement
    Severity: low
    Suggested Action: Remove or implement functionality

  Line 82: pass - empty_pass
    Description: Empty pass statement
    Severity: low
    Suggested Action: Remove or implement functionality

  Line 86: pass - empty_pass
    Description: Empty pass statement
    Severity: low
    Suggested Action: Remove or implement functionality

  Line 90: pass - empty_pass
    Description: Empty pass statement
    Severity: low
    Suggested Action: Remove or implement functionality

  Line 492: pass - empty_pass
    Description: Empty pass statement
    Severity: low
    Suggested Action: Remove or implement functionality

  Line 516: pass - empty_pass
    Description: Empty pass statement
    Severity: low
    Suggested Action: Remove or implement functionality


financial_fraud_domain/ml_predictor.py:
  Line 297: pass - empty_pass
    Description: Empty pass statement
    Severity: low
    Suggested Action: Remove or implement functionality

  Line 844: pass - empty_pass
    Description: Empty pass statement
    Severity: low
    Suggested Action: Remove or implement functionality


financial_fraud_domain/model_config.py:
  Line 23: todo - TODO_implement
    Description: TODO implementation needed
    Severity: medium
    Suggested Action: Implement functionality or remove TODO

  Line 33: todo - TODO_implement
    Description: TODO implementation needed
    Severity: medium
    Suggested Action: Implement functionality or remove TODO


financial_fraud_domain/model_evaluation_system.py:
  Line 81: pass - empty_pass
    Description: Empty pass statement
    Severity: low
    Suggested Action: Remove or implement functionality

  Line 85: pass - empty_pass
    Description: Empty pass statement
    Severity: low
    Suggested Action: Remove or implement functionality

  Line 89: pass - empty_pass
    Description: Empty pass statement
    Severity: low
    Suggested Action: Remove or implement functionality

  Line 93: pass - empty_pass
    Description: Empty pass statement
    Severity: low
    Suggested Action: Remove or implement functionality

  Line 1721: pass - empty_pass
    Description: Empty pass statement
    Severity: low
    Suggested Action: Remove or implement functionality

  Line 2003: pass - empty_pass
    Description: Empty pass statement
    Severity: low
    Suggested Action: Remove or implement functionality

  Line 2099: pass - empty_pass
    Description: Empty pass statement
    Severity: low
    Suggested Action: Remove or implement functionality


financial_fraud_domain/next_loop_generator.py:
  Line 23: todo - TODO_implement
    Description: TODO implementation needed
    Severity: medium
    Suggested Action: Implement functionality or remove TODO

  Line 39: todo - TODO_implement
    Description: TODO implementation needed
    Severity: medium
    Suggested Action: Implement functionality or remove TODO

  Line 44: todo - TODO_implement
    Description: TODO implementation needed
    Severity: medium
    Suggested Action: Implement functionality or remove TODO


financial_fraud_domain/performance_monitor.py:
  Line 940: pass - empty_pass
    Description: Empty pass statement
    Severity: low
    Suggested Action: Remove or implement functionality


financial_fraud_domain/performance_tester.py:
  Line 56: todo - TODO_implement
    Description: TODO implementation needed
    Severity: medium
    Suggested Action: Implement functionality or remove TODO


financial_fraud_domain/performance_utils.py:
  Line 31: todo - TODO_implement
    Description: TODO implementation needed
    Severity: medium
    Suggested Action: Implement functionality or remove TODO

  Line 36: todo - TODO_implement
    Description: TODO implementation needed
    Severity: medium
    Suggested Action: Implement functionality or remove TODO


financial_fraud_domain/phase4_advanced_features_test.py:
  Line 318: pass - empty_pass
    Description: Empty pass statement
    Severity: low
    Suggested Action: Remove or implement functionality

  Line 958: pass - empty_pass
    Description: Empty pass statement
    Severity: low
    Suggested Action: Remove or implement functionality


financial_fraud_domain/phase5_integration_test.py:
  Line 764: pass - empty_pass
    Description: Empty pass statement
    Severity: low
    Suggested Action: Remove or implement functionality

  Line 821: pass - empty_pass
    Description: Empty pass statement
    Severity: low
    Suggested Action: Remove or implement functionality

  Line 1180: pass - empty_pass
    Description: Empty pass statement
    Severity: low
    Suggested Action: Remove or implement functionality

  Line 1187: pass - empty_pass
    Description: Empty pass statement
    Severity: low
    Suggested Action: Remove or implement functionality

  Line 1195: pass - empty_pass
    Description: Empty pass statement
    Severity: low
    Suggested Action: Remove or implement functionality

  Line 1312: pass - empty_pass
    Description: Empty pass statement
    Severity: low
    Suggested Action: Remove or implement functionality


financial_fraud_domain/processing_metadata.py:
  Line 33: todo - TODO_implement
    Description: TODO implementation needed
    Severity: medium
    Suggested Action: Implement functionality or remove TODO

  Line 39: todo - TODO_implement
    Description: TODO implementation needed
    Severity: medium
    Suggested Action: Implement functionality or remove TODO


financial_fraud_domain/proof_config.py:
  Line 22: todo - TODO_implement
    Description: TODO implementation needed
    Severity: medium
    Suggested Action: Implement functionality or remove TODO

  Line 27: todo - TODO_implement
    Description: TODO implementation needed
    Severity: medium
    Suggested Action: Implement functionality or remove TODO

  Line 32: todo - TODO_implement
    Description: TODO implementation needed
    Severity: medium
    Suggested Action: Implement functionality or remove TODO


financial_fraud_domain/proof_verifier.py:
  Line 191: pass - empty_pass
    Description: Empty pass statement
    Severity: low
    Suggested Action: Remove or implement functionality

  Line 196: pass - empty_pass
    Description: Empty pass statement
    Severity: low
    Suggested Action: Remove or implement functionality


financial_fraud_domain/real_time_accuracy_monitor.py:
  Line 69: pass - empty_pass
    Description: Empty pass statement
    Severity: low
    Suggested Action: Remove or implement functionality

  Line 73: pass - empty_pass
    Description: Empty pass statement
    Severity: low
    Suggested Action: Remove or implement functionality

  Line 77: pass - empty_pass
    Description: Empty pass statement
    Severity: low
    Suggested Action: Remove or implement functionality

  Line 1785: function - add_health_check
    Description: Empty function: add_health_check
    Severity: medium
    Suggested Action: Implement function or remove if not needed

  Line 1786: pass - empty_pass
    Description: Empty pass statement
    Severity: low
    Suggested Action: Remove or implement functionality

  Line 1792: function - __init__
    Description: Empty function: __init__
    Severity: medium
    Suggested Action: Implement function or remove if not needed

  Line 1793: pass - empty_pass
    Description: Empty pass statement
    Severity: low
    Suggested Action: Remove or implement functionality


financial_fraud_domain/recursive_executor.py:
  Line 24: todo - TODO_implement
    Description: TODO implementation needed
    Severity: medium
    Suggested Action: Implement functionality or remove TODO

  Line 30: todo - TODO_implement
    Description: TODO implementation needed
    Severity: medium
    Suggested Action: Implement functionality or remove TODO


financial_fraud_domain/routing_integrator.py:
  Line 22: todo - TODO_implement
    Description: TODO implementation needed
    Severity: medium
    Suggested Action: Implement functionality or remove TODO

  Line 28: todo - TODO_implement
    Description: TODO implementation needed
    Severity: medium
    Suggested Action: Implement functionality or remove TODO

  Line 33: todo - TODO_implement
    Description: TODO implementation needed
    Severity: medium
    Suggested Action: Implement functionality or remove TODO


financial_fraud_domain/scalability_engine.py:
  Line 49: pass - empty_pass
    Description: Empty pass statement
    Severity: low
    Suggested Action: Remove or implement functionality

  Line 53: pass - empty_pass
    Description: Empty pass statement
    Severity: low
    Suggested Action: Remove or implement functionality

  Line 57: pass - empty_pass
    Description: Empty pass statement
    Severity: low
    Suggested Action: Remove or implement functionality

  Line 61: pass - empty_pass
    Description: Empty pass statement
    Severity: low
    Suggested Action: Remove or implement functionality

  Line 1164: function - _apply_global_scaling_policies
    Description: Empty function: _apply_global_scaling_policies
    Severity: medium
    Suggested Action: Implement function or remove if not needed

  Line 1169: function - _persist_scaling_configuration
    Description: Empty function: _persist_scaling_configuration
    Severity: medium
    Suggested Action: Implement function or remove if not needed

  Line 1193: function - _scale_kubernetes_deployment
    Description: Empty function: _scale_kubernetes_deployment
    Severity: medium
    Suggested Action: Implement function or remove if not needed

  Line 1194: function - _scale_aws_instances
    Description: Empty function: _scale_aws_instances
    Severity: medium
    Suggested Action: Implement function or remove if not needed


financial_fraud_domain/security_compliance_engine.py:
  Line 44: pass - empty_pass
    Description: Empty pass statement
    Severity: low
    Suggested Action: Remove or implement functionality

  Line 48: pass - empty_pass
    Description: Empty pass statement
    Severity: low
    Suggested Action: Remove or implement functionality

  Line 52: pass - empty_pass
    Description: Empty pass statement
    Severity: low
    Suggested Action: Remove or implement functionality

  Line 56: pass - empty_pass
    Description: Empty pass statement
    Severity: low
    Suggested Action: Remove or implement functionality

  Line 60: pass - empty_pass
    Description: Empty pass statement
    Severity: low
    Suggested Action: Remove or implement functionality


financial_fraud_domain/security_tester.py:
  Line 22: todo - TODO_implement
    Description: TODO implementation needed
    Severity: medium
    Suggested Action: Implement functionality or remove TODO

  Line 27: todo - TODO_implement
    Description: TODO implementation needed
    Severity: medium
    Suggested Action: Implement functionality or remove TODO

  Line 36: todo - TODO_implement
    Description: TODO implementation needed
    Severity: medium
    Suggested Action: Implement functionality or remove TODO

  Line 41: todo - TODO_implement
    Description: TODO implementation needed
    Severity: medium
    Suggested Action: Implement functionality or remove TODO

  Line 46: todo - TODO_implement
    Description: TODO implementation needed
    Severity: medium
    Suggested Action: Implement functionality or remove TODO


financial_fraud_domain/security_utils.py:
  Line 22: todo - TODO_implement
    Description: TODO implementation needed
    Severity: medium
    Suggested Action: Implement functionality or remove TODO

  Line 27: todo - TODO_implement
    Description: TODO implementation needed
    Severity: medium
    Suggested Action: Implement functionality or remove TODO

  Line 32: todo - TODO_implement
    Description: TODO implementation needed
    Severity: medium
    Suggested Action: Implement functionality or remove TODO

  Line 37: todo - TODO_implement
    Description: TODO implementation needed
    Severity: medium
    Suggested Action: Implement functionality or remove TODO


financial_fraud_domain/state_synchronizer.py:
  Line 22: todo - TODO_implement
    Description: TODO implementation needed
    Severity: medium
    Suggested Action: Implement functionality or remove TODO

  Line 28: todo - TODO_implement
    Description: TODO implementation needed
    Severity: medium
    Suggested Action: Implement functionality or remove TODO

  Line 33: todo - TODO_implement
    Description: TODO implementation needed
    Severity: medium
    Suggested Action: Implement functionality or remove TODO


financial_fraud_domain/statistical_analysis_engine.py:
  Line 39: pass - empty_pass
    Description: Empty pass statement
    Severity: low
    Suggested Action: Remove or implement functionality


financial_fraud_domain/symbolic_config.py:
  Line 22: todo - TODO_implement
    Description: TODO implementation needed
    Severity: medium
    Suggested Action: Implement functionality or remove TODO

  Line 27: todo - TODO_implement
    Description: TODO implementation needed
    Severity: medium
    Suggested Action: Implement functionality or remove TODO

  Line 32: todo - TODO_implement
    Description: TODO implementation needed
    Severity: medium
    Suggested Action: Implement functionality or remove TODO


financial_fraud_domain/symbolic_reasoner.py:
  Line 176: pass - empty_pass
    Description: Empty pass statement
    Severity: low
    Suggested Action: Remove or implement functionality

  Line 181: pass - empty_pass
    Description: Empty pass statement
    Severity: low
    Suggested Action: Remove or implement functionality


financial_fraud_domain/test_suite.py:
  Line 343: pass - empty_pass
    Description: Empty pass statement
    Severity: low
    Suggested Action: Remove or implement functionality

  Line 363: pass - empty_pass
    Description: Empty pass statement
    Severity: low
    Suggested Action: Remove or implement functionality

  Line 396: pass - empty_pass
    Description: Empty pass statement
    Severity: low
    Suggested Action: Remove or implement functionality


financial_fraud_domain/test_validator.py:
  Line 22: todo - TODO_implement
    Description: TODO implementation needed
    Severity: medium
    Suggested Action: Implement functionality or remove TODO

  Line 42: todo - TODO_implement
    Description: TODO implementation needed
    Severity: medium
    Suggested Action: Implement functionality or remove TODO

  Line 47: todo - TODO_implement
    Description: TODO implementation needed
    Severity: medium
    Suggested Action: Implement functionality or remove TODO


financial_fraud_domain/training_integrator.py:
  Line 7: fallback - DISABLE_FALLBACKS
    Description: Disabled fallback system
    Severity: high
    Suggested Action: Remove disabled fallback code


financial_fraud_domain/transaction.py:
  Line 30: todo - TODO_implement
    Description: TODO implementation needed
    Severity: medium
    Suggested Action: Implement functionality or remove TODO

  Line 36: todo - TODO_implement
    Description: TODO implementation needed
    Severity: medium
    Suggested Action: Implement functionality or remove TODO


financial_fraud_domain/validation_engine.py:
  Line 28: todo - TODO_implement
    Description: TODO implementation needed
    Severity: medium
    Suggested Action: Implement functionality or remove TODO

  Line 41: todo - TODO_implement
    Description: TODO implementation needed
    Severity: medium
    Suggested Action: Implement functionality or remove TODO


financial_fraud_domain/validation_result.py:
  Line 27: todo - TODO_implement
    Description: TODO implementation needed
    Severity: medium
    Suggested Action: Implement functionality or remove TODO

  Line 33: todo - TODO_implement
    Description: TODO implementation needed
    Severity: medium
    Suggested Action: Implement functionality or remove TODO


financial_fraud_domain/visualization_engine.py:
  Line 30: pass - empty_pass
    Description: Empty pass statement
    Severity: low
    Suggested Action: Remove or implement functionality


financial_fraud_domain/workflow_orchestrator.py:
  Line 57: pass - empty_pass
    Description: Empty pass statement
    Severity: low
    Suggested Action: Remove or implement functionality

  Line 61: pass - empty_pass
    Description: Empty pass statement
    Severity: low
    Suggested Action: Remove or implement functionality

  Line 65: pass - empty_pass
    Description: Empty pass statement
    Severity: low
    Suggested Action: Remove or implement functionality

  Line 69: pass - empty_pass
    Description: Empty pass statement
    Severity: low
    Suggested Action: Remove or implement functionality

  Line 73: pass - empty_pass
    Description: Empty pass statement
    Severity: low
    Suggested Action: Remove or implement functionality

  Line 77: pass - empty_pass
    Description: Empty pass statement
    Severity: low
    Suggested Action: Remove or implement functionality


independent_core/accuracy_tracking_diagnostics.py:
  Line 96: class - MonitoringManager
    Description: Empty class: MonitoringManager
    Severity: low
    Suggested Action: Add implementation or remove if not needed

  Line 97: class - MetricsCollector
    Description: Empty class: MetricsCollector
    Severity: low
    Suggested Action: Add implementation or remove if not needed

  Line 98: class - PerformanceMetrics
    Description: Empty class: PerformanceMetrics
    Severity: low
    Suggested Action: Add implementation or remove if not needed

  Line 99: class - ResourceMetrics
    Description: Empty class: ResourceMetrics
    Severity: low
    Suggested Action: Add implementation or remove if not needed

  Line 100: class - CacheManager
    Description: Empty class: CacheManager
    Severity: low
    Suggested Action: Add implementation or remove if not needed

  Line 101: class - MonitoringConfig
    Description: Empty class: MonitoringConfig
    Severity: low
    Suggested Action: Add implementation or remove if not needed

  Line 102: class - EnhancedFraudException
    Description: Empty class: EnhancedFraudException
    Severity: low
    Suggested Action: Add implementation or remove if not needed

  Line 103: class - ValidationError
    Description: Empty class: ValidationError
    Severity: low
    Suggested Action: Add implementation or remove if not needed

  Line 104: class - ConfigurationError
    Description: Empty class: ConfigurationError
    Severity: low
    Suggested Action: Add implementation or remove if not needed

  Line 105: class - ResourceError
    Description: Empty class: ResourceError
    Severity: low
    Suggested Action: Add implementation or remove if not needed

  Line 106: class - MonitoringError
    Description: Empty class: MonitoringError
    Severity: low
    Suggested Action: Add implementation or remove if not needed

  Line 107: class - ErrorContext
    Description: Empty class: ErrorContext
    Severity: low
    Suggested Action: Add implementation or remove if not needed

  Line 109: class - AccuracyTrackingDatabase
    Description: Empty class: AccuracyTrackingDatabase
    Severity: low
    Suggested Action: Add implementation or remove if not needed

  Line 110: class - DatabaseConfig
    Description: Empty class: DatabaseConfig
    Severity: low
    Suggested Action: Add implementation or remove if not needed

  Line 111: class - AccuracyMetric
    Description: Empty class: AccuracyMetric
    Severity: low
    Suggested Action: Add implementation or remove if not needed

  Line 112: class - ConfigManager
    Description: Empty class: ConfigManager
    Severity: low
    Suggested Action: Add implementation or remove if not needed

  Line 113: class - ConfigManagerSettings
    Description: Empty class: ConfigManagerSettings
    Severity: low
    Suggested Action: Add implementation or remove if not needed

  Line 122: pass - empty_pass
    Description: Empty pass statement
    Severity: low
    Suggested Action: Remove or implement functionality

  Line 126: pass - empty_pass
    Description: Empty pass statement
    Severity: low
    Suggested Action: Remove or implement functionality

  Line 130: pass - empty_pass
    Description: Empty pass statement
    Severity: low
    Suggested Action: Remove or implement functionality


independent_core/brain.py:
  Line 11340: pass - empty_pass
    Description: Empty pass statement
    Severity: low
    Suggested Action: Remove or implement functionality

  Line 11364: pass - empty_pass
    Description: Empty pass statement
    Severity: low
    Suggested Action: Remove or implement functionality

  Line 11457: pass - empty_pass
    Description: Empty pass statement
    Severity: low
    Suggested Action: Remove or implement functionality

  Line 11732: pass - empty_pass
    Description: Empty pass statement
    Severity: low
    Suggested Action: Remove or implement functionality

  Line 11783: pass - empty_pass
    Description: Empty pass statement
    Severity: low
    Suggested Action: Remove or implement functionality

  Line 15807: pass - empty_pass
    Description: Empty pass statement
    Severity: low
    Suggested Action: Remove or implement functionality

  Line 15820: pass - empty_pass
    Description: Empty pass statement
    Severity: low
    Suggested Action: Remove or implement functionality

  Line 19664: pass - empty_pass
    Description: Empty pass statement
    Severity: low
    Suggested Action: Remove or implement functionality


independent_core/brain_gac_integration.py:
  Line 1203: pass - empty_pass
    Description: Empty pass statement
    Severity: low
    Suggested Action: Remove or implement functionality


independent_core/brain_gac_optimizer.py:
  Line 903: pass - empty_pass
    Description: Empty pass statement
    Severity: low
    Suggested Action: Remove or implement functionality


independent_core/brain_system_examples.py:
  Line 774: pass - empty_pass
    Description: Empty pass statement
    Severity: low
    Suggested Action: Remove or implement functionality


independent_core/brain_training_integration.py:
  Line 313: pass - empty_pass
    Description: Empty pass statement
    Severity: low
    Suggested Action: Remove or implement functionality

  Line 1444: pass - empty_pass
    Description: Empty pass statement
    Severity: low
    Suggested Action: Remove or implement functionality

  Line 1497: pass - empty_pass
    Description: Empty pass statement
    Severity: low
    Suggested Action: Remove or implement functionality


independent_core/compression_systems/base/compression_base.py:
  Line 24: pass - empty_pass
    Description: Empty pass statement
    Severity: low
    Suggested Action: Remove or implement functionality

  Line 29: pass - empty_pass
    Description: Empty pass statement
    Severity: low
    Suggested Action: Remove or implement functionality

  Line 34: pass - empty_pass
    Description: Empty pass statement
    Severity: low
    Suggested Action: Remove or implement functionality

  Line 76: pass - empty_pass
    Description: Empty pass statement
    Severity: low
    Suggested Action: Remove or implement functionality


independent_core/compression_systems/gpu_memory/gpu_memory_core.py:
  Line 619: pass - empty_pass
    Description: Empty pass statement
    Severity: low
    Suggested Action: Remove or implement functionality


independent_core/compression_systems/padic/hybrid_integration_tests.py:
  Line 440: pass - empty_pass
    Description: Empty pass statement
    Severity: low
    Suggested Action: Remove or implement functionality


independent_core/compression_systems/padic/hybrid_performance_optimizer.py:
  Line 938: pass - empty_pass
    Description: Empty pass statement
    Severity: low
    Suggested Action: Remove or implement functionality

  Line 948: pass - empty_pass
    Description: Empty pass statement
    Severity: low
    Suggested Action: Remove or implement functionality


independent_core/compression_systems/padic/hybrid_performance_tuner.py:
  Line 1077: function - _apply_parameters_temporarily
    Description: Empty function: _apply_parameters_temporarily
    Severity: medium
    Suggested Action: Implement function or remove if not needed

  Line 1078: function - _restore_parameters
    Description: Empty function: _restore_parameters
    Severity: medium
    Suggested Action: Implement function or remove if not needed

  Line 1081: function - _apply_switching_parameters
    Description: Empty function: _apply_switching_parameters
    Severity: medium
    Suggested Action: Implement function or remove if not needed

  Line 1083: function - _apply_memory_allocation_strategy
    Description: Empty function: _apply_memory_allocation_strategy
    Severity: medium
    Suggested Action: Implement function or remove if not needed

  Line 1085: function - _apply_switching_improvement
    Description: Empty function: _apply_switching_improvement
    Severity: medium
    Suggested Action: Implement function or remove if not needed


independent_core/compression_systems/padic/padic_advanced.py:
  Line 900: pass - empty_pass
    Description: Empty pass statement
    Severity: low
    Suggested Action: Remove or implement functionality

  Line 1365: pass - empty_pass
    Description: Empty pass statement
    Severity: low
    Suggested Action: Remove or implement functionality

  Line 1369: pass - empty_pass
    Description: Empty pass statement
    Severity: low
    Suggested Action: Remove or implement functionality


independent_core/compression_systems/padic/padic_gradient.py:
  Line 279: pass - empty_pass
    Description: Empty pass statement
    Severity: low
    Suggested Action: Remove or implement functionality


independent_core/compression_systems/padic/padic_service_layer.py:
  Line 1544: pass - empty_pass
    Description: Empty pass statement
    Severity: low
    Suggested Action: Remove or implement functionality

  Line 1549: pass - empty_pass
    Description: Empty pass statement
    Severity: low
    Suggested Action: Remove or implement functionality


independent_core/compression_systems/padic/switching_decision_engine.py:
  Line 851: pass - empty_pass
    Description: Empty pass statement
    Severity: low
    Suggested Action: Remove or implement functionality


independent_core/compression_systems/padic/switching_performance_monitor.py:
  Line 641: pass - empty_pass
    Description: Empty pass statement
    Severity: low
    Suggested Action: Remove or implement functionality


independent_core/compression_systems/padic/test_hybrid_advanced_integration.py:
  Line 832: pass - empty_pass
    Description: Empty pass statement
    Severity: low
    Suggested Action: Remove or implement functionality


independent_core/compression_systems/padic/test_hybrid_service_integration.py:
  Line 654: pass - empty_pass
    Description: Empty pass statement
    Severity: low
    Suggested Action: Remove or implement functionality


independent_core/compression_systems/services/compression_service.py:
  Line 31: pass - empty_pass
    Description: Empty pass statement
    Severity: low
    Suggested Action: Remove or implement functionality

  Line 37: pass - empty_pass
    Description: Empty pass statement
    Severity: low
    Suggested Action: Remove or implement functionality

  Line 42: pass - empty_pass
    Description: Empty pass statement
    Severity: low
    Suggested Action: Remove or implement functionality

  Line 47: pass - empty_pass
    Description: Empty pass statement
    Severity: low
    Suggested Action: Remove or implement functionality

  Line 52: pass - empty_pass
    Description: Empty pass statement
    Severity: low
    Suggested Action: Remove or implement functionality


independent_core/compression_systems/sheaf/sheaf_integration.py:
  Line 43: pass - empty_pass
    Description: Empty pass statement
    Severity: low
    Suggested Action: Remove or implement functionality

  Line 48: pass - empty_pass
    Description: Empty pass statement
    Severity: low
    Suggested Action: Remove or implement functionality

  Line 53: pass - empty_pass
    Description: Empty pass statement
    Severity: low
    Suggested Action: Remove or implement functionality

  Line 58: pass - empty_pass
    Description: Empty pass statement
    Severity: low
    Suggested Action: Remove or implement functionality

  Line 63: pass - empty_pass
    Description: Empty pass statement
    Severity: low
    Suggested Action: Remove or implement functionality


independent_core/compression_systems/sheaf/sheaf_service_core.py:
  Line 67: function - compress
    Description: Empty function: compress
    Severity: medium
    Suggested Action: Implement function or remove if not needed

  Line 68: pass - empty_pass
    Description: Empty pass statement
    Severity: low
    Suggested Action: Remove or implement functionality

  Line 71: function - decompress
    Description: Empty function: decompress
    Severity: medium
    Suggested Action: Implement function or remove if not needed

  Line 72: pass - empty_pass
    Description: Empty pass statement
    Severity: low
    Suggested Action: Remove or implement functionality

  Line 75: function - validate_input
    Description: Empty function: validate_input
    Severity: medium
    Suggested Action: Implement function or remove if not needed

  Line 76: pass - empty_pass
    Description: Empty pass statement
    Severity: low
    Suggested Action: Remove or implement functionality


independent_core/compression_systems/sheaf/sheaf_structures.py:
  Line 85: pass - empty_pass
    Description: Empty pass statement
    Severity: low
    Suggested Action: Remove or implement functionality


independent_core/compression_systems/tensor/tensor_core.py:
  Line 121: pass - empty_pass
    Description: Empty pass statement
    Severity: low
    Suggested Action: Remove or implement functionality

  Line 126: pass - empty_pass
    Description: Empty pass statement
    Severity: low
    Suggested Action: Remove or implement functionality


independent_core/compression_systems/tensor/tensor_service_layer.py:
  Line 65: function - __init__
    Description: Empty function: __init__
    Severity: medium
    Suggested Action: Implement function or remove if not needed

  Line 66: pass - empty_pass
    Description: Empty pass statement
    Severity: low
    Suggested Action: Remove or implement functionality

  Line 68: function - register_service
    Description: Empty function: register_service
    Severity: medium
    Suggested Action: Implement function or remove if not needed

  Line 69: pass - empty_pass
    Description: Empty pass statement
    Severity: low
    Suggested Action: Remove or implement functionality

  Line 72: function - __init__
    Description: Empty function: __init__
    Severity: medium
    Suggested Action: Implement function or remove if not needed

  Line 73: pass - empty_pass
    Description: Empty pass statement
    Severity: low
    Suggested Action: Remove or implement functionality

  Line 76: function - __init__
    Description: Empty function: __init__
    Severity: medium
    Suggested Action: Implement function or remove if not needed

  Line 77: pass - empty_pass
    Description: Empty pass statement
    Severity: low
    Suggested Action: Remove or implement functionality

  Line 109: function - __init__
    Description: Empty function: __init__
    Severity: medium
    Suggested Action: Implement function or remove if not needed

  Line 110: pass - empty_pass
    Description: Empty pass statement
    Severity: low
    Suggested Action: Remove or implement functionality


independent_core/config_manager.py:
  Line 331: pass - empty_pass
    Description: Empty pass statement
    Severity: low
    Suggested Action: Remove or implement functionality

  Line 343: pass - empty_pass
    Description: Empty pass statement
    Severity: low
    Suggested Action: Remove or implement functionality


independent_core/dependency_checker.py:
  Line 245: pass - empty_pass
    Description: Empty pass statement
    Severity: low
    Suggested Action: Remove or implement functionality


independent_core/domain_hybrid_integration.py:
  Line 795: pass - empty_pass
    Description: Empty pass statement
    Severity: low
    Suggested Action: Remove or implement functionality


independent_core/domain_performance_optimizer.py:
  Line 49: pass - empty_pass
    Description: Empty pass statement
    Severity: low
    Suggested Action: Remove or implement functionality

  Line 540: pass - empty_pass
    Description: Empty pass statement
    Severity: low
    Suggested Action: Remove or implement functionality

  Line 601: pass - empty_pass
    Description: Empty pass statement
    Severity: low
    Suggested Action: Remove or implement functionality

  Line 609: pass - empty_pass
    Description: Empty pass statement
    Severity: low
    Suggested Action: Remove or implement functionality

  Line 648: pass - empty_pass
    Description: Empty pass statement
    Severity: low
    Suggested Action: Remove or implement functionality


independent_core/domain_router.py:
  Line 473: pass - empty_pass
    Description: Empty pass statement
    Severity: low
    Suggested Action: Remove or implement functionality


independent_core/enhanced_fraud_core_exceptions.py:
  Line 1: class - EnhancedFraudCoreException
    Description: Empty class: EnhancedFraudCoreException
    Severity: low
    Suggested Action: Add implementation or remove if not needed

  Line 6: class - FraudValidationError
    Description: Empty class: FraudValidationError
    Severity: low
    Suggested Action: Add implementation or remove if not needed

  Line 7: class - FraudProcessingError
    Description: Empty class: FraudProcessingError
    Severity: low
    Suggested Action: Add implementation or remove if not needed


independent_core/gac_system/basic_bounder.py:
  Line 31: pass - empty_pass
    Description: Empty pass statement
    Severity: low
    Suggested Action: Remove or implement functionality


independent_core/gac_system/direction_validator.py:
  Line 44: pass - empty_pass
    Description: Empty pass statement
    Severity: low
    Suggested Action: Remove or implement functionality


independent_core/gac_system/enhanced_bounder.py:
  Line 32: pass - empty_pass
    Description: Empty pass statement
    Severity: low
    Suggested Action: Remove or implement functionality


independent_core/gac_system/gradient_ascent_clipping.py:
  Line 94: pass - empty_pass
    Description: Empty pass statement
    Severity: low
    Suggested Action: Remove or implement functionality

  Line 97: function - get_component_info
    Description: Empty function: get_component_info
    Severity: medium
    Suggested Action: Implement function or remove if not needed

  Line 98: pass - empty_pass
    Description: Empty pass statement
    Severity: low
    Suggested Action: Remove or implement functionality


independent_core/golf_domain/golf_neural_network.py:
  Line 76: pass - empty_pass
    Description: Empty pass statement
    Severity: low
    Suggested Action: Remove or implement functionality

  Line 81: pass - empty_pass
    Description: Empty pass statement
    Severity: low
    Suggested Action: Remove or implement functionality


independent_core/orchestrators/brain_decision_engine.py:
  Line 104: function - decide
    Description: Empty function: decide
    Severity: medium
    Suggested Action: Implement function or remove if not needed

  Line 105: pass - empty_pass
    Description: Empty pass statement
    Severity: low
    Suggested Action: Remove or implement functionality

  Line 108: function - get_method_name
    Description: Empty function: get_method_name
    Severity: medium
    Suggested Action: Implement function or remove if not needed

  Line 109: pass - empty_pass
    Description: Empty pass statement
    Severity: low
    Suggested Action: Remove or implement functionality


independent_core/orchestrators/domain_orchestrator.py:
  Line 117: pass - empty_pass
    Description: Empty pass statement
    Severity: low
    Suggested Action: Remove or implement functionality

  Line 122: pass - empty_pass
    Description: Empty pass statement
    Severity: low
    Suggested Action: Remove or implement functionality

  Line 127: pass - empty_pass
    Description: Empty pass statement
    Severity: low
    Suggested Action: Remove or implement functionality


independent_core/orchestrators/reasoning_orchestrator.py:
  Line 128: function - reason
    Description: Empty function: reason
    Severity: medium
    Suggested Action: Implement function or remove if not needed

  Line 129: pass - empty_pass
    Description: Empty pass statement
    Severity: low
    Suggested Action: Remove or implement functionality

  Line 132: function - get_engine_type
    Description: Empty function: get_engine_type
    Severity: medium
    Suggested Action: Implement function or remove if not needed

  Line 133: pass - empty_pass
    Description: Empty pass statement
    Severity: low
    Suggested Action: Remove or implement functionality


independent_core/orchestrators/uncertainty_orchestrator.py:
  Line 139: function - quantify
    Description: Empty function: quantify
    Severity: medium
    Suggested Action: Implement function or remove if not needed

  Line 140: pass - empty_pass
    Description: Empty pass statement
    Severity: low
    Suggested Action: Remove or implement functionality

  Line 143: function - get_method_name
    Description: Empty function: get_method_name
    Severity: medium
    Suggested Action: Implement function or remove if not needed

  Line 144: pass - empty_pass
    Description: Empty pass statement
    Severity: low
    Suggested Action: Remove or implement functionality


independent_core/performance_benchmarking.py:
  Line 221: pass - empty_pass
    Description: Empty pass statement
    Severity: low
    Suggested Action: Remove or implement functionality


independent_core/production_config_manager.py:
  Line 52: pass - empty_pass
    Description: Empty pass statement
    Severity: low
    Suggested Action: Remove or implement functionality

  Line 404: pass - empty_pass
    Description: Empty pass statement
    Severity: low
    Suggested Action: Remove or implement functionality


independent_core/production_deployment_config.py:
  Line 53: pass - empty_pass
    Description: Empty pass statement
    Severity: low
    Suggested Action: Remove or implement functionality

  Line 593: pass - empty_pass
    Description: Empty pass statement
    Severity: low
    Suggested Action: Remove or implement functionality

  Line 596: pass - empty_pass
    Description: Empty pass statement
    Severity: low
    Suggested Action: Remove or implement functionality

  Line 599: pass - empty_pass
    Description: Empty pass statement
    Severity: low
    Suggested Action: Remove or implement functionality

  Line 624: pass - empty_pass
    Description: Empty pass statement
    Severity: low
    Suggested Action: Remove or implement functionality

  Line 630: pass - empty_pass
    Description: Empty pass statement
    Severity: low
    Suggested Action: Remove or implement functionality

  Line 636: pass - empty_pass
    Description: Empty pass statement
    Severity: low
    Suggested Action: Remove or implement functionality


independent_core/production_metrics_collector.py:
  Line 198: pass - empty_pass
    Description: Empty pass statement
    Severity: low
    Suggested Action: Remove or implement functionality

  Line 203: pass - empty_pass
    Description: Empty pass statement
    Severity: low
    Suggested Action: Remove or implement functionality

  Line 208: pass - empty_pass
    Description: Empty pass statement
    Severity: low
    Suggested Action: Remove or implement functionality


independent_core/production_monitoring/alert_system.py:
  Line 637: pass - empty_pass
    Description: Empty pass statement
    Severity: low
    Suggested Action: Remove or implement functionality


independent_core/production_monitoring_system.py:
  Line 65: pass - empty_pass
    Description: Empty pass statement
    Severity: low
    Suggested Action: Remove or implement functionality


independent_core/production_observability.py:
  Line 65: pass - empty_pass
    Description: Empty pass statement
    Severity: low
    Suggested Action: Remove or implement functionality


independent_core/production_security_config.py:
  Line 62: pass - empty_pass
    Description: Empty pass statement
    Severity: low
    Suggested Action: Remove or implement functionality

  Line 1447: pass - empty_pass
    Description: Empty pass statement
    Severity: low
    Suggested Action: Remove or implement functionality


independent_core/production_security_enforcer.py:
  Line 1284: function - create_policies_from_findings
    Description: Empty function: create_policies_from_findings
    Severity: medium
    Suggested Action: Implement function or remove if not needed

  Line 1286: pass - empty_pass
    Description: Empty pass statement
    Severity: low
    Suggested Action: Remove or implement functionality


independent_core/production_telemetry.py:
  Line 137: pass - empty_pass
    Description: Empty pass statement
    Severity: low
    Suggested Action: Remove or implement functionality

  Line 142: pass - empty_pass
    Description: Empty pass statement
    Severity: low
    Suggested Action: Remove or implement functionality


independent_core/production_training_execution.py:
  Line 926: pass - empty_pass
    Description: Empty pass statement
    Severity: low
    Suggested Action: Remove or implement functionality


independent_core/production_validation/test_final_validation.py:
  Line 232: pass - empty_pass
    Description: Empty pass statement
    Severity: low
    Suggested Action: Remove or implement functionality

  Line 237: pass - empty_pass
    Description: Empty pass statement
    Severity: low
    Suggested Action: Remove or implement functionality


independent_core/progress_tracker.py:
  Line 921: pass - empty_pass
    Description: Empty pass statement
    Severity: low
    Suggested Action: Remove or implement functionality

  Line 932: pass - empty_pass
    Description: Empty pass statement
    Severity: low
    Suggested Action: Remove or implement functionality

  Line 1109: function - __exit__
    Description: Empty function: __exit__
    Severity: medium
    Suggested Action: Implement function or remove if not needed

  Line 1110: pass - empty_pass
    Description: Empty pass statement
    Severity: low
    Suggested Action: Remove or implement functionality


independent_core/proof_system/proof_strategies/ensemble_strategy.py:
  Line 203: pass - empty_pass
    Description: Empty pass statement
    Severity: low
    Suggested Action: Remove or implement functionality

  Line 219: pass - empty_pass
    Description: Empty pass statement
    Severity: low
    Suggested Action: Remove or implement functionality


independent_core/proof_system/proof_strategies/strategy_base.py:
  Line 125: pass - empty_pass
    Description: Empty pass statement
    Severity: low
    Suggested Action: Remove or implement functionality

  Line 130: pass - empty_pass
    Description: Empty pass statement
    Severity: low
    Suggested Action: Remove or implement functionality

  Line 135: pass - empty_pass
    Description: Empty pass statement
    Severity: low
    Suggested Action: Remove or implement functionality


independent_core/proof_system/strategy_recorder.py:
  Line 308: function - __init__
    Description: Empty function: __init__
    Severity: medium
    Suggested Action: Implement function or remove if not needed

  Line 309: pass - empty_pass
    Description: Empty pass statement
    Severity: low
    Suggested Action: Remove or implement functionality


independent_core/test_end_to_end_validation.py:
  Line 155: pass - empty_pass
    Description: Empty pass statement
    Severity: low
    Suggested Action: Remove or implement functionality


independent_core/test_performance_optimization.py:
  Line 327: pass - empty_pass
    Description: Empty pass statement
    Severity: low
    Suggested Action: Remove or implement functionality

  Line 331: pass - empty_pass
    Description: Empty pass statement
    Severity: low
    Suggested Action: Remove or implement functionality

  Line 347: pass - empty_pass
    Description: Empty pass statement
    Severity: low
    Suggested Action: Remove or implement functionality


independent_core/test_production_deployment_validation.py:
  Line 156: pass - empty_pass
    Description: Empty pass statement
    Severity: low
    Suggested Action: Remove or implement functionality


independent_core/test_production_launch.py:
  Line 420: pass - empty_pass
    Description: Empty pass statement
    Severity: low
    Suggested Action: Remove or implement functionality

  Line 427: pass - empty_pass
    Description: Empty pass statement
    Severity: low
    Suggested Action: Remove or implement functionality


independent_core/training_hybrid_integration.py:
  Line 748: pass - empty_pass
    Description: Empty pass statement
    Severity: low
    Suggested Action: Remove or implement functionality


independent_core/training_integration_fixes.py:
  Line 785: pass - empty_pass
    Description: Empty pass statement
    Severity: low
    Suggested Action: Remove or implement functionality


independent_core/training_manager.py:
  Line 7: fallback - DISABLE_FALLBACKS
    Description: Disabled fallback system
    Severity: high
    Suggested Action: Remove disabled fallback code

  Line 65: pass - empty_pass
    Description: Empty pass statement
    Severity: low
    Suggested Action: Remove or implement functionality

  Line 238: function - __exit__
    Description: Empty function: __exit__
    Severity: medium
    Suggested Action: Implement function or remove if not needed

  Line 239: pass - empty_pass
    Description: Empty pass statement
    Severity: low
    Suggested Action: Remove or implement functionality

  Line 1076: function - __init__
    Description: Empty function: __init__
    Severity: medium
    Suggested Action: Implement function or remove if not needed

  Line 1077: pass - empty_pass
    Description: Empty pass statement
    Severity: low
    Suggested Action: Remove or implement functionality

  Line 1079: function - __init__
    Description: Empty function: __init__
    Severity: medium
    Suggested Action: Implement function or remove if not needed

  Line 1080: pass - empty_pass
    Description: Empty pass statement
    Severity: low
    Suggested Action: Remove or implement functionality

  Line 1081: class - ModelType
    Description: Empty class: ModelType
    Severity: low
    Suggested Action: Add implementation or remove if not needed

  Line 1082: pass - empty_pass
    Description: Empty pass statement
    Severity: low
    Suggested Action: Remove or implement functionality

  Line 1084: function - __init__
    Description: Empty function: __init__
    Severity: medium
    Suggested Action: Implement function or remove if not needed

  Line 1085: pass - empty_pass
    Description: Empty pass statement
    Severity: low
    Suggested Action: Remove or implement functionality

  Line 1087: function - __init__
    Description: Empty function: __init__
    Severity: medium
    Suggested Action: Implement function or remove if not needed

  Line 1088: pass - empty_pass
    Description: Empty pass statement
    Severity: low
    Suggested Action: Remove or implement functionality

  Line 1320: pass - empty_pass
    Description: Empty pass statement
    Severity: low
    Suggested Action: Remove or implement functionality

  Line 3309: pass - empty_pass
    Description: Empty pass statement
    Severity: low
    Suggested Action: Remove or implement functionality


independent_core/training_session_manager.py:
  Line 786: pass - empty_pass
    Description: Empty pass statement
    Severity: low
    Suggested Action: Remove or implement functionality


universal_ai_core/tests/conftest.py:
  Line 29: pass - empty_pass
    Description: Empty pass statement
    Severity: low
    Suggested Action: Remove or implement functionality

  Line 277: pass - empty_pass
    Description: Empty pass statement
    Severity: low
    Suggested Action: Remove or implement functionality


universal_ai_core/tests/test_core.py:
  Line 586: pass - empty_pass
    Description: Empty pass statement
    Severity: low
    Suggested Action: Remove or implement functionality


universal_ai_core/tests/test_end_to_end.py:
  Line 552: pass - empty_pass
    Description: Empty pass statement
    Severity: low
    Suggested Action: Remove or implement functionality


universal_ai_core/tests/test_error_handling.py:
  Line 188: pass - empty_pass
    Description: Empty pass statement
    Severity: low
    Suggested Action: Remove or implement functionality

  Line 221: pass - empty_pass
    Description: Empty pass statement
    Severity: low
    Suggested Action: Remove or implement functionality

  Line 246: pass - empty_pass
    Description: Empty pass statement
    Severity: low
    Suggested Action: Remove or implement functionality

  Line 266: pass - empty_pass
    Description: Empty pass statement
    Severity: low
    Suggested Action: Remove or implement functionality

  Line 376: pass - empty_pass
    Description: Empty pass statement
    Severity: low
    Suggested Action: Remove or implement functionality

  Line 384: pass - empty_pass
    Description: Empty pass statement
    Severity: low
    Suggested Action: Remove or implement functionality

  Line 419: pass - empty_pass
    Description: Empty pass statement
    Severity: low
    Suggested Action: Remove or implement functionality

  Line 450: pass - empty_pass
    Description: Empty pass statement
    Severity: low
    Suggested Action: Remove or implement functionality

  Line 488: pass - empty_pass
    Description: Empty pass statement
    Severity: low
    Suggested Action: Remove or implement functionality

  Line 512: pass - empty_pass
    Description: Empty pass statement
    Severity: low
    Suggested Action: Remove or implement functionality


universal_ai_core/tests/test_memory.py:
  Line 112: pass - empty_pass
    Description: Empty pass statement
    Severity: low
    Suggested Action: Remove or implement functionality

  Line 187: pass - empty_pass
    Description: Empty pass statement
    Severity: low
    Suggested Action: Remove or implement functionality

  Line 228: pass - empty_pass
    Description: Empty pass statement
    Severity: low
    Suggested Action: Remove or implement functionality

  Line 266: pass - empty_pass
    Description: Empty pass statement
    Severity: low
    Suggested Action: Remove or implement functionality

  Line 302: pass - empty_pass
    Description: Empty pass statement
    Severity: low
    Suggested Action: Remove or implement functionality

  Line 376: pass - empty_pass
    Description: Empty pass statement
    Severity: low
    Suggested Action: Remove or implement functionality

  Line 455: pass - empty_pass
    Description: Empty pass statement
    Severity: low
    Suggested Action: Remove or implement functionality

  Line 476: pass - empty_pass
    Description: Empty pass statement
    Severity: low
    Suggested Action: Remove or implement functionality

  Line 508: pass - empty_pass
    Description: Empty pass statement
    Severity: low
    Suggested Action: Remove or implement functionality

  Line 550: pass - empty_pass
    Description: Empty pass statement
    Severity: low
    Suggested Action: Remove or implement functionality

  Line 558: pass - empty_pass
    Description: Empty pass statement
    Severity: low
    Suggested Action: Remove or implement functionality

  Line 590: pass - empty_pass
    Description: Empty pass statement
    Severity: low
    Suggested Action: Remove or implement functionality

  Line 631: pass - empty_pass
    Description: Empty pass statement
    Severity: low
    Suggested Action: Remove or implement functionality


universal_ai_core/tests/test_performance.py:
  Line 119: pass - empty_pass
    Description: Empty pass statement
    Severity: low
    Suggested Action: Remove or implement functionality

  Line 448: pass - empty_pass
    Description: Empty pass statement
    Severity: low
    Suggested Action: Remove or implement functionality

  Line 486: pass - empty_pass
    Description: Empty pass statement
    Severity: low
    Suggested Action: Remove or implement functionality


universal_ai_core/tests/test_plugins.py:
  Line 464: pass - empty_pass
    Description: Empty pass statement
    Severity: low
    Suggested Action: Remove or implement functionality

  Line 482: pass - empty_pass
    Description: Empty pass statement
    Severity: low
    Suggested Action: Remove or implement functionality

  Line 630: pass - empty_pass
    Description: Empty pass statement
    Severity: low
    Suggested Action: Remove or implement functionality


universal_ai_core/universal_ai_core/config/config_manager.py:
  Line 42: pass - empty_pass
    Description: Empty pass statement
    Severity: low
    Suggested Action: Remove or implement functionality

  Line 47: pass - empty_pass
    Description: Empty pass statement
    Severity: low
    Suggested Action: Remove or implement functionality

  Line 52: pass - empty_pass
    Description: Empty pass statement
    Severity: low
    Suggested Action: Remove or implement functionality

  Line 185: pass - empty_pass
    Description: Empty pass statement
    Severity: low
    Suggested Action: Remove or implement functionality


universal_ai_core/universal_ai_core/core/data_engine.py:
  Line 164: pass - empty_pass
    Description: Empty pass statement
    Severity: low
    Suggested Action: Remove or implement functionality

  Line 169: pass - empty_pass
    Description: Empty pass statement
    Severity: low
    Suggested Action: Remove or implement functionality


universal_ai_core/universal_ai_core/core/simple_core.py:
  Line 29: pass - empty_pass
    Description: Empty pass statement
    Severity: low
    Suggested Action: Remove or implement functionality

  Line 223: pass - empty_pass
    Description: Empty pass statement
    Severity: low
    Suggested Action: Remove or implement functionality


universal_ai_core/universal_ai_core/examples/custom_models.py:
  Line 111: pass - empty_pass
    Description: Empty pass statement
    Severity: low
    Suggested Action: Remove or implement functionality

  Line 116: pass - empty_pass
    Description: Empty pass statement
    Severity: low
    Suggested Action: Remove or implement functionality

  Line 121: pass - empty_pass
    Description: Empty pass statement
    Severity: low
    Suggested Action: Remove or implement functionality

  Line 126: pass - empty_pass
    Description: Empty pass statement
    Severity: low
    Suggested Action: Remove or implement functionality

  Line 131: pass - empty_pass
    Description: Empty pass statement
    Severity: low
    Suggested Action: Remove or implement functionality

  Line 136: pass - empty_pass
    Description: Empty pass statement
    Severity: low
    Suggested Action: Remove or implement functionality

  Line 579: pass - empty_pass
    Description: Empty pass statement
    Severity: low
    Suggested Action: Remove or implement functionality


universal_ai_core/universal_ai_core/examples/custom_plugins.py:
  Line 266: pass - empty_pass
    Description: Empty pass statement
    Severity: low
    Suggested Action: Remove or implement functionality


universal_ai_core/universal_ai_core/plugins/feature_extractors/base.py:
  Line 127: pass - empty_pass
    Description: Empty pass statement
    Severity: low
    Suggested Action: Remove or implement functionality

  Line 140: pass - empty_pass
    Description: Empty pass statement
    Severity: low
    Suggested Action: Remove or implement functionality

  Line 150: pass - empty_pass
    Description: Empty pass statement
    Severity: low
    Suggested Action: Remove or implement functionality

  Line 163: pass - empty_pass
    Description: Empty pass statement
    Severity: low
    Suggested Action: Remove or implement functionality

  Line 261: pass - empty_pass
    Description: Empty pass statement
    Severity: low
    Suggested Action: Remove or implement functionality

  Line 265: pass - empty_pass
    Description: Empty pass statement
    Severity: low
    Suggested Action: Remove or implement functionality

  Line 269: pass - empty_pass
    Description: Empty pass statement
    Severity: low
    Suggested Action: Remove or implement functionality


universal_ai_core/universal_ai_core/plugins/knowledge_bases/base.py:
  Line 249: pass - empty_pass
    Description: Empty pass statement
    Severity: low
    Suggested Action: Remove or implement functionality

  Line 259: pass - empty_pass
    Description: Empty pass statement
    Severity: low
    Suggested Action: Remove or implement functionality

  Line 264: pass - empty_pass
    Description: Empty pass statement
    Severity: low
    Suggested Action: Remove or implement functionality

  Line 277: pass - empty_pass
    Description: Empty pass statement
    Severity: low
    Suggested Action: Remove or implement functionality

  Line 290: pass - empty_pass
    Description: Empty pass statement
    Severity: low
    Suggested Action: Remove or implement functionality

  Line 307: pass - empty_pass
    Description: Empty pass statement
    Severity: low
    Suggested Action: Remove or implement functionality

  Line 321: pass - empty_pass
    Description: Empty pass statement
    Severity: low
    Suggested Action: Remove or implement functionality

  Line 334: pass - empty_pass
    Description: Empty pass statement
    Severity: low
    Suggested Action: Remove or implement functionality

  Line 591: pass - empty_pass
    Description: Empty pass statement
    Severity: low
    Suggested Action: Remove or implement functionality

  Line 595: pass - empty_pass
    Description: Empty pass statement
    Severity: low
    Suggested Action: Remove or implement functionality

  Line 599: pass - empty_pass
    Description: Empty pass statement
    Severity: low
    Suggested Action: Remove or implement functionality


universal_ai_core/universal_ai_core/plugins/knowledge_bases/molecular.py:
  Line 584: pass - empty_pass
    Description: Empty pass statement
    Severity: low
    Suggested Action: Remove or implement functionality

  Line 591: pass - empty_pass
    Description: Empty pass statement
    Severity: low
    Suggested Action: Remove or implement functionality


universal_ai_core/universal_ai_core/plugins/knowledge_bases/security.py:
  Line 943: pass - empty_pass
    Description: Empty pass statement
    Severity: low
    Suggested Action: Remove or implement functionality

  Line 948: pass - empty_pass
    Description: Empty pass statement
    Severity: low
    Suggested Action: Remove or implement functionality


universal_ai_core/universal_ai_core/plugins/models/base.py:
  Line 163: pass - empty_pass
    Description: Empty pass statement
    Severity: low
    Suggested Action: Remove or implement functionality

  Line 179: pass - empty_pass
    Description: Empty pass statement
    Severity: low
    Suggested Action: Remove or implement functionality

  Line 192: pass - empty_pass
    Description: Empty pass statement
    Severity: low
    Suggested Action: Remove or implement functionality

  Line 205: pass - empty_pass
    Description: Empty pass statement
    Severity: low
    Suggested Action: Remove or implement functionality

  Line 218: pass - empty_pass
    Description: Empty pass statement
    Severity: low
    Suggested Action: Remove or implement functionality

  Line 373: pass - empty_pass
    Description: Empty pass statement
    Severity: low
    Suggested Action: Remove or implement functionality

  Line 377: pass - empty_pass
    Description: Empty pass statement
    Severity: low
    Suggested Action: Remove or implement functionality

  Line 381: pass - empty_pass
    Description: Empty pass statement
    Severity: low
    Suggested Action: Remove or implement functionality

  Line 385: pass - empty_pass
    Description: Empty pass statement
    Severity: low
    Suggested Action: Remove or implement functionality


universal_ai_core/universal_ai_core/plugins/models/molecular.py:
  Line 461: pass - empty_pass
    Description: Empty pass statement
    Severity: low
    Suggested Action: Remove or implement functionality

  Line 892: pass - empty_pass
    Description: Empty pass statement
    Severity: low
    Suggested Action: Remove or implement functionality

  Line 952: pass - empty_pass
    Description: Empty pass statement
    Severity: low
    Suggested Action: Remove or implement functionality

  Line 963: pass - empty_pass
    Description: Empty pass statement
    Severity: low
    Suggested Action: Remove or implement functionality


universal_ai_core/universal_ai_core/plugins/plugin_manager.py:
  Line 914: pass - empty_pass
    Description: Empty pass statement
    Severity: low
    Suggested Action: Remove or implement functionality


universal_ai_core/universal_ai_core/plugins/proof_languages/base.py:
  Line 254: pass - empty_pass
    Description: Empty pass statement
    Severity: low
    Suggested Action: Remove or implement functionality

  Line 267: pass - empty_pass
    Description: Empty pass statement
    Severity: low
    Suggested Action: Remove or implement functionality

  Line 281: pass - empty_pass
    Description: Empty pass statement
    Severity: low
    Suggested Action: Remove or implement functionality

  Line 294: pass - empty_pass
    Description: Empty pass statement
    Severity: low
    Suggested Action: Remove or implement functionality

  Line 307: pass - empty_pass
    Description: Empty pass statement
    Severity: low
    Suggested Action: Remove or implement functionality

  Line 390: pass - empty_pass
    Description: Empty pass statement
    Severity: low
    Suggested Action: Remove or implement functionality

  Line 394: pass - empty_pass
    Description: Empty pass statement
    Severity: low
    Suggested Action: Remove or implement functionality

  Line 398: pass - empty_pass
    Description: Empty pass statement
    Severity: low
    Suggested Action: Remove or implement functionality

  Line 402: pass - empty_pass
    Description: Empty pass statement
    Severity: low
    Suggested Action: Remove or implement functionality

  Line 406: pass - empty_pass
    Description: Empty pass statement
    Severity: low
    Suggested Action: Remove or implement functionality


universal_ai_core/universal_ai_core/utils/data_utils.py:
  Line 91: pass - empty_pass
    Description: Empty pass statement
    Severity: low
    Suggested Action: Remove or implement functionality

  Line 96: pass - empty_pass
    Description: Empty pass statement
    Severity: low
    Suggested Action: Remove or implement functionality

  Line 101: pass - empty_pass
    Description: Empty pass statement
    Severity: low
    Suggested Action: Remove or implement functionality

  Line 928: pass - empty_pass
    Description: Empty pass statement
    Severity: low
    Suggested Action: Remove or implement functionality


universal_ai_core/universal_ai_core/utils/validation_utils.py:
  Line 159: pass - empty_pass
    Description: Empty pass statement
    Severity: low
    Suggested Action: Remove or implement functionality

  Line 164: pass - empty_pass
    Description: Empty pass statement
    Severity: low
    Suggested Action: Remove or implement functionality

  Line 412: pass - empty_pass
    Description: Empty pass statement
    Severity: low
    Suggested Action: Remove or implement functionality

RECOMMENDATIONS
----------------------------------------
1. Remove disabled fallback systems (DISABLE_FALLBACKS = True)
2. Implement TODO items or remove placeholder functions
3. Remove empty pass statements in exception handlers
4. Clean up unused exception classes
5. Implement placeholder methods or mark as abstract
6. Remove unused imports
7. Consolidate duplicate exception classes

SARAPHIS-SPECIFIC RECOMMENDATIONS
----------------------------------------
1. Review fallback systems in training_manager.py (lines 1818-2177)
2. Clean up fallback code in brain.py (lines 5582-5610)
3. Remove empty files like simple_training_executor.py
4. Implement placeholder methods in financial_fraud_domain
5. Consolidate duplicate exception classes across modules
6. Remove disabled fallback systems in enhanced_fraud_core_*.py
